---
source: ferritin/src/tests.rs
expression: "render_interactive_for_tests_rooted(Commands::search(\"generic struct\"), &\nget_fixture_crate_path ())"
---
"   Search results for 'generic struct'                                          "
"   ════════════════════════════════════════════════════════════════════════════ "
"                                                                                "
"     ◦ fixture-crate::GenericStruct  (Struct) - score: 100 (relevance: 100,     "
"       authority: 0)                                                            "
"     │ A generic struct for testing multi-paragraph documentation.              "
"     │                                                                          "
"     │ This struct demonstrates how generics work with complex type bounds and  "
"     │ provides a comprehensive example of the generic system in Rust.          "
"     ╰─[...]                                                                    "
"                                                                                "
"     ◦ fixture-crate::GenericEnum  (Enum) - score: 99 (relevance: 66,           "
"       authority: 50)                                                           "
"       A generic enum for testing                                               "
"                                                                                "
"       See also crate::TestEnum                                                 "
"                                                                                "
"     ◦ fixture-crate::generic_function  (Function) - score: 66 (relevance: 66,  "
"       authority: 0)                                                            "
"       A generic function                                                       "
"                                                                                "
"     ◦ fixture-crate::submodule::TestEnum  (Enum) - score: 65 (relevance: 44,   "
"       authority: 50)                                                           "
"       An enum for testing                                                      "
"                                                                                "
"       This is like crate::GenericEnum but without the generic                  "
"                                                                                "
"     ◦ fixture-crate::TestStruct  (Struct) - score: 65 (relevance: 33,          "
"       authority: 100)                                                          "
"     │ A simple struct for testing basic functionality.                         "
"     │                                                                          "
"     │ This struct demonstrates basic usage patterns and should show completely "
"     │  since it only has one paragraph of documentation.                       "
"     ╰─[...]                                                                    "
"                                                                                "
"     ◦ fixture-crate::submodule::TestEnum::VariantA  (Variant) - score: 50      "
"       (relevance: 50, authority: 0)                                            "
"       Variant A (see also crate::GenericEnum)                                  "
"                                                                                "
"     ◦ fixture-crate::GenericEnum::WithData  (Variant) - score: 50 (relevance:  "
"       50, authority: 0)                                                        "
"       Variant with generic data                                                "
"                                                                                "
"     ◦ fixture-crate::link_resolution_tests::LinkTestStruct  (Struct) - score:  "
"       33 (relevance: 33, authority: 0)                                         "
"       Struct in link test module                                               "
"                                                                                "
"     ◦ fixture-crate::TupleStruct  (Struct) - score: 33 (relevance: 33,         "
"       authority: 0)                                                            "
"       A tuple struct for testing                                               "
"                                                                                "
"     ◦ fixture-crate::submodule::SubStruct  (Struct) - score: 33 (relevance:    "
"       33, authority: 0)                                                        "
"       A struct in a submodule                                                  "
"                                                                                "
"                                                                                "
"                                                                                "
"                                                                                "
"                                                                                "
"                                                                                "
"                                                                                "
"                                                                                "
"                                                                                "
"                                                                                "
"                                                                                "
"                                                                                "
"                                                                                "
"                                                                                "
"                                                                                "
"                                                                                "
"                                                                                "
"                                                                                "
"                                                                                "
"                                                                                "
"                                                                                "
"                                                                                "
"                                                                                "
"                                                                                "
"                                                                                "
"                                                                                "
"                                                                                "
"                                                                                "
"                                                                                "
"                                                                                "
"                                                                                "
"                                                                                "
"                                                                                "
"                                                                                "
"                                                                                "
"                                                                                "
"                                                                                "
"                                                                                "
"                                                                                "
"                                                                                "
"                                                                                "
"                                                                                "
"                                                                                "
"                                                                                "
"                                                                                "
"                                                                                "
"                                                                                "
"                                                                                "
"                                                                                "
"                                                                                "
"                                                                                "
"                                                                                "
"                                                                                "
"                                                                                "
"                                                                                "
"                                                                                "
"                                                                                "
"                                                                                "
"                                                                                "
"                                                                                "
"                                                                                "
"                                                                                "
"                                                                                "
"                                                                                "
"                                                                                "
"                                                                                "
"                                                                                "
"                                                                                "
"                                                                                "
"                                                                                "
"                                                                                "
"                                                                                "
"                                                                                "
"                                                                                "
"                                                                                "
"                                                                                "
"                                                                                "
"                                                                                "
"                                                                                "
"                                                                                "
"                                                                                "
"                                                                                "
"                                                                                "
"                                                                                "
"                                                                                "
"                                                                                "
"                                                                                "
"                                                                                "
"                                                                                "
"                                                                                "
"                                                                                "
"                                                                                "
"                                                                                "
"                                                                                "
"                                                                                "
"                                                                                "
"                                                                                "
"                                                                                "
"                                                                                "
"                                                                                "
"                                                                                "
"                                                                                "
"                                                                                "
"                                                                                "
"                                                                                "
"                                                                                "
"                                                                                "
"                                                                                "
"                                                                                "
"                                                                                "
"                                                                                "
"                                                                                "
"                                                                                "
"                                                                                "
"                                                                                "
"                                                                                "
"                                                                                "
"                                                                                "
"                                                                                "
"                                                                                "
"                                                                                "
"                                                                                "
"                                                                                "
"                                                                                "
"                                                                                "
"                                                                                "
"                                                                                "
"                                                                                "
"                                                                                "
"                                                                                "
"                                                                                "
"                                                                                "
"                                                                                "
"                                                                                "
"                                                                                "
"                                                                                "
"                                                                                "
"                                                                                "
"                                                                                "
"                                                                                "
"                                                                                "
"                                                                                "
"                                                                                "
"                                                                                "
"▂▂▂▂▂▂▂▂▂▂▂▂▂▂▂▂▂▂▂▂▂▂▂▂▂▂▂▂▂▂▂▂▂▂▂▂▂▂▂▂▂▂▂▂▂▂▂▂▂▂▂▂▂▂▂▂▂▂▂▂▂▂▂▂▂▂▂▂▂▂▂▂▂▂▂▂▂▂▂▂"
"   ferritin - q:quit ?:help ←/→:history g:go s:search l:list c:code             "
