---
source: ferritin/src/tests.rs
expression: "render_for_tests_rooted(Commands::search(\"trigger line-based truncation\"),\nOutputMode :: Agent, & get_fixture_crate_path ())"
---
## Search results for 'trigger line-based truncation'

- fixture-crate::TestTrait  (Trait) - score: 100.0 — A trait for testing extremely long documentation that exceeds line limits. [+3 lines]
- std::line  (Macro) - score: 54.2 — Expands to the line number on which it was invoked. [+4 lines]
- core::line  (Macro) - score: 54.0 — Expands to the line number on which it was invoked. [+4 lines]
- proc_macro::Span::line  (Function) - score: 39.1 — The one-indexed line of the source file where the span starts. [+1 lines]
- core::panic::Location::line  (Function) - score: 39.0 — Returns the line number from which the panic originated. [+2 lines]
- std::panic::Location::line  (Function) - score: 39.0 — Returns the line number from which the panic originated. [+2 lines]
- alloc::io::BufRead::read_line  (Function) - score: 33.4 — Reads all bytes until a newline (the 0xA byte) is reached, and append them to the provided String buffer. [+10 lines]
- core::arch::x86::_mm_prefetch  (Function) - score: 30.8 — Fetch the cache line that contains address p using the given STRATEGY. [+8 lines]
- std::arch::x86::_mm_prefetch  (Function) - score: 30.8 — Fetch the cache line that contains address p using the given STRATEGY. [+8 lines]
- std::io::LineWriter  (Struct) - score: 30.6 — Wraps a writer and buffers output to it, flushing whenever a newline (0x0a, '\n') is detected. [+6 lines]
