---
source: ferritin/src/tests.rs
expression: "render_for_tests_rooted(Commands::search(\"generic struct\"), OutputMode ::\nPlain, & get_fixture_crate_path ())"
---
Search results for 'generic struct'
================================================================================

  ◦ fixture-crate::GenericStruct  (Struct) - score: 100.0
    A generic struct for testing multi-paragraph documentation. [...]

  ◦ alloc::borrow::Borrow  (Trait) - score: 67.3
    A trait for borrowing data. [...]

  ◦ fixture-crate::TestStruct  (Struct) - score: 66.4
    A simple struct for testing basic functionality. [...]

  ◦ fixture-crate::GenericEnum  (Enum) - score: 65.2
    A generic enum for testing [...]

  ◦ std::prelude::rust_2021::ambiguous_macros_only::borrow::Borrow  (Trait) - score: 64.1
    A trait for borrowing data. [...]

  ◦ core::prelude::v1::ambiguous_macros_only::borrow::Borrow  (Trait) - score: 64.0
    A trait for borrowing data. [...]

  ◦ alloc::io::copy::generic  (Module) - score: 62.4

  ◦ core::prelude::v1::ambiguous_macros_only::mem::type_info::Generic  (Enum) - score: 62.4
    Compile-time type information about instantiated generics of structs, enum and union variants.

  ◦ std::prelude::v1::ambiguous_macros_only::backtrace_rs::symbolize::gimli::mystd::mem::type_info::Generic  (Enum) - score: 62.4
    Compile-time type information about instantiated generics of structs, enum and union variants.

  ◦ std::prelude::v1::Clone  (Trait) - score: 62.4
    A common trait that allows explicit creation of a duplicate value. [...]
