---
source: ferritin/src/tests.rs
expression: "render_for_tests(Commands::get(\"crate::DoesNotExist\"), OutputMode :: Tty)"
---
Could not find 'crate::DoesNotExist'

Did you mean:

  ◦ [crate::submodule](https://docs.rs/test-crate/0.1.0/test-crate/submodule/index.html)

  ◦ [crate::link_resolution_tests](https://docs.rs/test-crate/0.1.0/test-crate/link_resolution_tests/index.html)

  ◦ [crate::reexport_mod](https://docs.rs/test-crate/0.1.0/test-crate/reexport_mod/index.html)

  ◦ [crate::markdown_test](https://docs.rs/test-crate/0.1.0/test-crate/markdown_test/index.html)

  ◦ [crate::TestStruct](https://docs.rs/test-crate/0.1.0/test-crate/struct.TestStruct.html)
