---
source: ferritin/src/tests.rs
expression: "render_for_tests(Commands::search(\"trigger line-based truncation\"), OutputMode\n:: Plain)"
---
Search results for 'trigger line-based truncation'
================================================================================

  ◦ test-crate::TestTrait  (Trait) - score: 100 (relevance: 100, authority: 0)
    A trait for testing extremely long documentation that exceeds line limits. [...]

  ◦ core::line  (Macro) - score: 36 (relevance: 36, authority: 0)
    Expands to the line number on which it was invoked. [...]

  ◦ std::line  (Macro) - score: 36 (relevance: 36, authority: 0)
    Expands to the line number on which it was invoked. [...]

  ◦ core::arch::x86::_mm_prefetch  (Function) - score: 31 (relevance: 31, authority: 0)
    Fetch the cache line that contains address p using the given STRATEGY. [...]

  ◦ std::arch::x86::_mm_prefetch  (Function) - score: 31 (relevance: 31, authority: 0)
    Fetch the cache line that contains address p using the given STRATEGY. [...]

  ◦ core::column  (Macro) - score: 29 (relevance: 29, authority: 0)
    Expands to the column number at which it was invoked. [...]

  ◦ std::column  (Macro) - score: 29 (relevance: 29, authority: 0)
    Expands to the column number at which it was invoked. [...]

  ◦ alloc::collections::BTreeMap  (Struct) - score: 29 (relevance: 16, authority: 80)
    An ordered map based on a B-Tree. [...]

  ◦ std::sync  (Module) - score: 28 (relevance: 28, authority: 0)
    Useful synchronization primitives. [...]

  ◦ core::prelude::v1::Option::map_or_else  (Function) - score: 27 (relevance: 27, authority: 0)
    Computes a default function result (if none), or applies a different function to the contained value (if any). [...]
