---
source: ferritin/src/tests.rs
expression: "render_for_tests(Commands::search(\"generic struct\"), OutputMode :: Plain)"
---
Search results for 'generic struct'
================================================================================

  ◦ test-crate::GenericStruct  (Struct) - score: 100.0
    A generic struct for testing multi-paragraph documentation. [...]

  ◦ core::ops::Deref  (Trait) - score: 95.1
    Used for immutable dereferencing operations, like *v. [...]

  ◦ std::ops::Deref  (Trait) - score: 95.1
    Used for immutable dereferencing operations, like *v. [...]

  ◦ core::borrow::Borrow  (Trait) - score: 92.8
    A trait for borrowing data. [...]

  ◦ std::borrow::Borrow  (Trait) - score: 92.8
    A trait for borrowing data. [...]

  ◦ alloc::borrow::Borrow  (Trait) - score: 92.8
    A trait for borrowing data. [...]

  ◦ core::convert::Into  (Trait) - score: 91.5
    A value-to-value conversion that consumes the input value. The opposite of From. [...]

  ◦ std::convert::Into  (Trait) - score: 91.5
    A value-to-value conversion that consumes the input value. The opposite of From. [...]

  ◦ core::convert::AsMut  (Trait) - score: 90.7
    Used to do a cheap mutable-to-mutable reference conversion. [...]

  ◦ std::convert::AsMut  (Trait) - score: 90.7
    Used to do a cheap mutable-to-mutable reference conversion. [...]
