---
source: ferritin/src/tests.rs
expression: "render_for_tests_rooted(Commands::get(\"crate::GenericEnum\"), OutputMode ::\nPlain, & get_fixture_crate_path ())"
---
Item: GenericEnum
Kind: Enum
Visibility: Public
Defined at: fixture_crate::GenericEnum
In crate: fixture-crate (0.1.0)

A generic enum for testing

See also crate::TestEnum

enum GenericEnum<T, U = String>
where
    T: Clone + Send,
    U: std::fmt::Display,
{
    Simple,
    WithData(T),
    Mixed {
        data: T,
        info: U,
    },
}

Variants:

  ◦ Simple 
    Simple variant

  ◦ WithData 
    Variant with generic data

  ◦ Mixed 
    Variant with mixed generics

Trait Implementations

std: From<Self>

  ◦ impl Any where Self: 'static + ?Sized

  ◦ impl Borrow<Self> where Self: ?Sized

  ◦ impl BorrowMut<Self> where Self: ?Sized

  ◦ impl<T: Freeze + Freeze, U: Freeze> Freeze

  ◦ impl<U: From<Self>> Into<U>

  ◦ impl<T: RefUnwindSafe + RefUnwindSafe, U: RefUnwindSafe> RefUnwindSafe

  ◦ impl<T, U: Send> Send

  ◦ impl<T: Sync + Sync, U: Sync> Sync

  ◦ impl<U: Into<Self>> TryFrom<U>
        type Error = never

  ◦ impl<U: TryFrom<Self>> TryInto<U>
        type Error = <U as TryFrom<Self>>::Error

  ◦ impl<T: Unpin + Unpin, U: Unpin> Unpin

  ◦ impl<T: UnsafeUnpin + UnsafeUnpin, U: UnsafeUnpin> UnsafeUnpin

  ◦ impl<T: UnwindSafe + UnwindSafe, U: UnwindSafe> UnwindSafe
