---
source: ferritin/src/tests.rs
expression: "render_interactive_for_tests(Commands::get(\"crate\").recursive())"
---
"   Item: test_crate                                                             "
"   Kind: Module                                                                 "
"   Visibility: Public                                                           "
"   Defined at: test_crate                                                       "
"   In crate: test-crate (0.1.0)                                                 "
"                                                                                "
"   A minimal test crate for rustdoc JSON testing                                "
"                                                                                "
"   Modules                                                                      "
"                                                                                "
"     ◦ link_resolution_tests                                                    "
"       Module for testing intra-doc link resolution                             "
"                                                                                "
"     ◦ link_resolution_tests::nested                                            "
"       Nested module for testing scoped resolution                              "
"                                                                                "
"     ◦ link_resolution_tests::nested::deeply_nested                             "
"       Another nested module                                                    "
"                                                                                "
"     ◦ markdown_test                                                            "
"       Markdown: Syntax                                                         "
"     ╰─[...]                                                                    "
"                                                                                "
"     ◦ reexport_mod                                                             "
"                                                                                "
"     ◦ submodule                                                                "
"       A module with items                                                      "
"                                                                                "
"   Structs                                                                      "
"                                                                                "
"     ◦ GenericStruct                                                            "
"     │ A generic struct for testing multi-paragraph documentation.              "
"     │                                                                          "
"     │ This struct demonstrates how generics work with complex type bounds and  "
"     │ provides a comprehensive example of the generic system in Rust.          "
"     ╰─[...]                                                                    "
"                                                                                "
"     ◦ SubStruct                                                                "
"       A struct in a submodule                                                  "
"                                                                                "
"     ◦ TestStruct                                                               "
"     │ A simple struct for testing basic functionality.                         "
"     │                                                                          "
"     │ This struct demonstrates basic usage patterns and should show completely "
"     │ since it only has one paragraph of documentation.                        "
"     ╰─[...]                                                                    "
"                                                                                "
"     ◦ TupleStruct                                                              "
"       A tuple struct for testing                                               "
"                                                                                "
"     ◦ UnitStruct                                                               "
"       A unit struct for testing                                                "
"                                                                                "
"     ◦ Vec                                                                      "
"     │ A contiguous growable array type, written as Vec<T>, short for 'vector'. "
"     ╰─[...]                                                                    "
"                                                                                "
"     ◦ link_resolution_tests::HashSet                                           "
"     │ A hash set implemented as a HashMap where the value is ().               "
"     │                                                                          "
"     │ As with the HashMap type, a HashSet requires that the elements implement "
"     │ the Eq and Hash traits. This can frequently be achieved by using         "
"     │ #[derive(PartialEq, Eq, Hash)]. If you implement these yourself, it is   "
"     │ important that the following property holds:                             "
"     ╰─[...]                                                                    "
"                                                                                "
"     ◦ link_resolution_tests::LinkTestStruct                                    "
"       Struct in link test module                                               "
"                                                                                "
"     ◦ link_resolution_tests::RenamedTestStruct                                 "
"     │ A simple struct for testing basic functionality.                         "
"     │                                                                          "
"     │ This struct demonstrates basic usage patterns and should show completely "
"     │ since it only has one paragraph of documentation.                        "
"     ╰─[...]                                                                    "
"                                                                                "
"     ◦ link_resolution_tests::SubStruct                                         "
"       A struct in a submodule                                                  "
"                                                                                "
"     ◦ link_resolution_tests::Tree                                              "
"     │ An ordered map based on a B-Tree.                                        "
"     │                                                                          "
"     │ Given a key type with a total order, an ordered map stores its entries   "
"     │ in key order. That means that keys must be of a type that implements the "
"     │ Ord trait, such that two keys can always be compared to determine their  "
"     │ Ordering. Examples of keys with a total order are strings with           "
"     │ lexicographical order, and numbers with their natural order.             "
"     ╰─[...]                                                                    "
"                                                                                "
"     ◦ link_resolution_tests::nested::NestedStruct                              "
"       Struct in nested module                                                  "
"                                                                                "
"     ◦ link_resolution_tests::nested::Str                                       "
"     │ A UTF-8–encoded, growable string.                                        "
"     │                                                                          "
"     │ String is the most common string type. It has ownership over the contents"
"     │  of the string, stored in a heap-allocated buffer (see Representation).  "
"     │ It is closely related to its borrowed counterpart, the primitive str.    "
"     ╰─[...]                                                                    "
"                                                                                "
"     ◦ link_resolution_tests::nested::deeply_nested::DeepStruct                 "
"       Struct in deeply nested module                                           "
"                                                                                "
"     ◦ reexport_mod::SubStruct                                                  "
"       A struct in a submodule                                                  "
"                                                                                "
"     ◦ submodule::SubStruct                                                     "
"       A struct in a submodule                                                  "
"                                                                                "
"   Enums                                                                        "
"                                                                                "
"     ◦ GenericEnum                                                              "
"       A generic enum for testing                                               "
"                                                                                "
"       See also crate::TestEnum                                                 "
"                                                                                "
"     ◦ TestEnum                                                                 "
"       An enum for testing                                                      "
"                                                                                "
"       This is like crate::GenericEnum but without the generic                  "
"                                                                                "
"     ◦ reexport_mod::TestEnum                                                   "
"       An enum for testing                                                      "
"                                                                                "
"       This is like crate::GenericEnum but without the generic                  "
"                                                                                "
"     ◦ submodule::TestEnum                                                      "
"       An enum for testing                                                      "
"                                                                                "
"       This is like crate::GenericEnum but without the generic                  "
"                                                                                "
"   Traits                                                                       "
"                                                                                "
"     ◦ ComplexTrait                                                             "
"       A more complex trait demonstrating various features                      "
"                                                                                "
"     ◦ TestTrait                                                                "
"     │ A trait for testing extremely long documentation that exceeds line       "
"     │ limits.                                                                  "
"     │                                                                          "
"     │ This trait provides a comprehensive interface for data processing        "
"     │ operations. It demonstrates various method signatures including mutable  "
"     │ references, error handling, and different return types. The trait is     "
"     │ designed to be flexible and extensible for different use cases in data   "
"     │ processing pipelines. Each method serves a specific purpose in the data  "
"     │ transformation workflow. The implementation should handle edge cases     "
"     │ gracefully and provide meaningful error messages when operations fail.   "
"     │ This documentation intentionally spans many lines to test the line-based "
"     │ truncation when paragraph truncation doesn't apply. We want to see how   "
"     │ the system handles documentation that goes well beyond the 16-line limit "
"     │ and should trigger line-based truncation. This continues for several     "
"     │ more lines to ensure we exceed the limit. Line 14 of this very long      "
"     │ paragraph that should be truncated. Line 15 of this extremely verbose    "
"     │ documentation example. Line 16 which should be the last line shown in    "
"     │ brief mode. Line 17 that should be hidden and show a truncation          "
"     │ indicator. Line 18 that definitely won't be visible in brief mode.       "
"     ╰─[...]                                                                    "
"                                                                                "
"     ◦ link_resolution_tests::nested::TestTrait                                 "
"     │ A trait for testing extremely long documentation that exceeds line       "
"     │ limits.                                                                  "
"     │                                                                          "
"     │ This trait provides a comprehensive interface for data processing        "
"     │ operations. It demonstrates various method signatures including mutable  "
"     │ references, error handling, and different return types. The trait is     "
"     │ designed to be flexible and extensible for different use cases in data   "
"     │ processing pipelines. Each method serves a specific purpose in the data  "
"     │ transformation workflow. The implementation should handle edge cases     "
"     │ gracefully and provide meaningful error messages when operations fail.   "
"     │ This documentation intentionally spans many lines to test the line-based "
"     │ truncation when paragraph truncation doesn't apply. We want to see how   "
"     │ the system handles documentation that goes well beyond the 16-line limit "
"     │ and should trigger line-based truncation. This continues for several     "
"     │ more lines to ensure we exceed the limit. Line 14 of this very long      "
"     │ paragraph that should be truncated. Line 15 of this extremely verbose    "
"     │ documentation example. Line 16 which should be the last line shown in    "
"     │ brief mode. Line 17 that should be hidden and show a truncation          "
"     │ indicator. Line 18 that definitely won't be visible in brief mode.       "
"     ╰─[...]                                                                    "
"                                                                                "
"   Functions                                                                    "
"                                                                                "
"     ◦ SubStruct::double                                                        "
"       Double the value                                                         "
"                                                                                "
"     ◦ SubStruct::get_value                                                     "
"       Get the value                                                            "
"                                                                                "
"     ◦ SubStruct::new                                                           "
"       Create a new SubStruct                                                   "
"                                                                                "
"     ◦ TestStruct::get_field                                                    "
"       Get the field value                                                      "
"                                                                                "
"     ◦ TestStruct::increment_count                                              "
"       Update the count                                                         "
"                                                                                "
"     ◦ TestStruct::new                                                          "
"▂▂▂▂▂▂▂▂▂▂▂▂▂▂▂▂▂▂▂▂▂▂▂▂▂▂▂▂▂▂▂▂▂▂▂▂▂▂▂▂▂▂▂▂▂▂▂▂▂▂▂▂▂▂▂▂▂▂▂▂▂▂▂▂▂▂▂▂▂▂▂▂▂▂▂▂▂▂▂▂"
"   ferritin - q:quit ?:help ←/→:history g:go s:search l:list c:code             "
