---
source: ferritin/src/tests.rs
expression: "render_for_tests_rooted(Commands::search(\"trigger line-based truncation\"),\nOutputMode :: Plain, & get_fixture_crate_path ())"
---
Search results for 'trigger line-based truncation'
================================================================================

  ◦ fixture-crate::TestTrait  (Trait) - score: 100.0
    A trait for testing extremely long documentation that exceeds line limits. [...]

  ◦ core::line  (Macro) - score: 53.2
    Expands to the line number on which it was invoked. [...]

  ◦ std::prelude::v1::line  (Macro) - score: 53.2
    Expands to the line number on which it was invoked. [...]

  ◦ proc_macro::Span::line  (Function) - score: 38.1
    The one-indexed line of the source file where the span starts. [...]

  ◦ core::prelude::v1::ambiguous_macros_only::panic::location::Location::line  (Function) - score: 37.9
    Returns the line number from which the panic originated. [...]

  ◦ std::prelude::v1::ambiguous_macros_only::panic::Location::line  (Function) - score: 37.9
    Returns the line number from which the panic originated. [...]

  ◦ alloc::io::buf_read::BufRead::read_line  (Function) - score: 32.5
    Reads all bytes until a newline (the 0xA byte) is reached, and append them to the provided String buffer. [...]

  ◦ core::prelude::v1::ambiguous_macros_only::core_arch::arch::x86::sse::_mm_prefetch  (Function) - score: 30.3
    Fetch the cache line that contains address p using the given STRATEGY. [...]

  ◦ std::prelude::v1::ambiguous_macros_only::arch::x86::sse::_mm_prefetch  (Function) - score: 30.3
    Fetch the cache line that contains address p using the given STRATEGY. [...]

  ◦ std::prelude::v1::ambiguous_macros_only::io::LineWriter  (Struct) - score: 29.8
    Wraps a writer and buffers output to it, flushing whenever a newline (0x0a, '\n') is detected. [...]
