---
source: ferritin/src/tests.rs
expression: "render_for_tests_rooted(Commands::search(\"trigger line-based truncation\"),\nOutputMode :: TestMode, & get_fixture_crate_path ())"
---
<title>Search results for '<emphasis>trigger line-based truncation</emphasis>'</title>
<list>
  <item><p>
fixture-crate::TestTrait  (Trait) - score: 100 (relevance: 100, authority: 0)</p>
<truncated level="single-line"><p>
A trait for testing extremely long documentation that exceeds line limits.</p>
This It error flexib Each The error many doesn' goes This Line Line Line Line Line <elided chars="1259"/></truncated>
</item>
  <item><p>
fixture-crate::markdown_test  (Module) - score: 24 (relevance: 24, authority: 0)</p>
<truncated level="single-line"><title>Markdown: Syntax</title>
 <elided chars="8712"/></truncated>
</item>
</list>
