---
source: ferritin/src/tests.rs
expression: "render_for_tests_rooted(Commands::search(\"generic struct\"), OutputMode ::\nPlain, & get_fixture_crate_path ())"
---
Search results for 'generic struct'
================================================================================

  ◦ fixture-crate::GenericStruct  (Struct) - score: 100.0
    A generic struct for testing multi-paragraph documentation. [...]

  ◦ alloc::borrow::Borrow  (Trait) - score: 67.9
    A trait for borrowing data. [...]

  ◦ fixture-crate::GenericEnum  (Enum) - score: 66.7
    A generic enum for testing [...]

  ◦ std::borrow::Borrow  (Trait) - score: 64.3
    A trait for borrowing data. [...]

  ◦ core::borrow::Borrow  (Trait) - score: 64.0
    A trait for borrowing data. [...]

  ◦ core::mem::type_info::Generic  (Enum) - score: 63.9
    Compile-time type information about instantiated generics of structs, enum and union variants.

  ◦ std::mem::type_info::Generic  (Enum) - score: 63.9
    Compile-time type information about instantiated generics of structs, enum and union variants.

  ◦ std::clone::Clone  (Trait) - score: 62.8
    A common trait that allows explicit creation of a duplicate value. [...]

  ◦ core::clone::Clone  (Trait) - score: 61.5
    A common trait that allows explicit creation of a duplicate value. [...]

  ◦ std::ops::Deref  (Trait) - score: 60.8
    Used for immutable dereferencing operations, like *v. [...]
