---
source: ferritin/src/tests.rs
expression: "render_json_for_tests_rooted(Commands::get(\"crate::prefix_tests::deep::DocDeep\"),\n& get_fixture_crate_path ())"
---
{
  "canonicalUrl": "https://docs.rs/fixture-crate/0.1.0/fixture_crate/prefix_tests/deep/struct.DocDeep.html",
  "meta": {
    "name": "DocDeep",
    "kind": "struct",
    "visibility": "public",
    "definedAt": "fixture_crate::prefix_tests::deep::DocDeep",
    "crateName": "fixture-crate",
    "crateVersion": "0.1.0"
  },
  "docs": [
    {
      "type": "truncatedBlock",
      "nodes": [
        {
          "type": "paragraph",
          "spans": [
            {
              "text": "Intra-doc links from a nested module:",
              "style": "Plain"
            }
          ]
        },
        {
          "type": "list",
          "items": [
            {
              "content": [
                {
                  "type": "paragraph",
                  "spans": [
                    {
                      "text": "self::DeepMarker",
                      "style": "InlineCode",
                      "url": "https://docs.rs/fixture-crate/0.1.0/fixture_crate/prefix_tests/deep/struct.DeepMarker.html",
                      "path": "fixture_crate::prefix_tests::deep::DeepMarker"
                    },
                    {
                      "text": " — local sibling.",
                      "style": "Plain"
                    }
                  ]
                }
              ]
            },
            {
              "content": [
                {
                  "type": "paragraph",
                  "spans": [
                    {
                      "text": "super::PrefixMarker",
                      "style": "InlineCode",
                      "url": "https://docs.rs/fixture-crate/0.1.0/fixture_crate/prefix_tests/struct.PrefixMarker.html",
                      "path": "fixture_crate::prefix_tests::PrefixMarker"
                    },
                    {
                      "text": " — one module up.",
                      "style": "Plain"
                    }
                  ]
                }
              ]
            },
            {
              "content": [
                {
                  "type": "paragraph",
                  "spans": [
                    {
                      "text": "super::super::TestStruct",
                      "style": "InlineCode",
                      "url": "https://docs.rs/fixture-crate/0.1.0/fixture_crate/struct.TestStruct.html",
                      "path": "fixture_crate::TestStruct"
                    },
                    {
                      "text": " — two modules up (crate root).",
                      "style": "Plain"
                    }
                  ]
                }
              ]
            },
            {
              "content": [
                {
                  "type": "paragraph",
                  "spans": [
                    {
                      "text": "crate::TestStruct",
                      "style": "InlineCode",
                      "url": "https://docs.rs/fixture-crate/0.1.0/fixture_crate/struct.TestStruct.html",
                      "path": "fixture_crate::TestStruct"
                    },
                    {
                      "text": " — absolute path from crate root.",
                      "style": "Plain"
                    }
                  ]
                }
              ]
            }
          ]
        }
      ],
      "level": "Full"
    }
  ],
  "body": {
    "kind": "struct",
    "name": "DocDeep",
    "shape": "unit",
    "traitImpls": [
      {
        "traitName": "Any",
        "traitUrl": "https://doc.rust-lang.org/nightly/core/any/trait.Any.html",
        "isStd": true,
        "blanket": [
          {
            "text": "T",
            "style": "Generic"
          }
        ]
      },
      {
        "traitName": "Borrow",
        "traitUrl": "https://doc.rust-lang.org/nightly/core/borrow/trait.Borrow.html",
        "args": [
          {
            "text": "<",
            "style": "Punctuation"
          },
          {
            "text": "T",
            "style": "Generic"
          },
          {
            "text": ">",
            "style": "Punctuation"
          }
        ],
        "isStd": true,
        "blanket": [
          {
            "text": "T",
            "style": "Generic"
          }
        ]
      },
      {
        "traitName": "BorrowMut",
        "traitUrl": "https://doc.rust-lang.org/nightly/core/borrow/trait.BorrowMut.html",
        "args": [
          {
            "text": "<",
            "style": "Punctuation"
          },
          {
            "text": "T",
            "style": "Generic"
          },
          {
            "text": ">",
            "style": "Punctuation"
          }
        ],
        "isStd": true,
        "blanket": [
          {
            "text": "T",
            "style": "Generic"
          }
        ]
      },
      {
        "traitName": "Freeze",
        "traitUrl": "https://doc.rust-lang.org/nightly/core/marker/trait.Freeze.html",
        "isSynthetic": true,
        "isStd": true
      },
      {
        "traitName": "From",
        "traitUrl": "https://doc.rust-lang.org/nightly/core/convert/trait.From.html",
        "args": [
          {
            "text": "<",
            "style": "Punctuation"
          },
          {
            "text": "T",
            "style": "Generic"
          },
          {
            "text": ">",
            "style": "Punctuation"
          }
        ],
        "isStd": true,
        "blanket": [
          {
            "text": "T",
            "style": "Generic"
          }
        ]
      },
      {
        "traitName": "Into",
        "traitUrl": "https://doc.rust-lang.org/nightly/core/convert/trait.Into.html",
        "args": [
          {
            "text": "<",
            "style": "Punctuation"
          },
          {
            "text": "U",
            "style": "Generic"
          },
          {
            "text": ">",
            "style": "Punctuation"
          }
        ],
        "isStd": true,
        "blanket": [
          {
            "text": "T",
            "style": "Generic"
          }
        ]
      },
      {
        "traitName": "RefUnwindSafe",
        "traitUrl": "https://doc.rust-lang.org/nightly/core/panic/unwind_safe/trait.RefUnwindSafe.html",
        "isSynthetic": true,
        "isStd": true
      },
      {
        "traitName": "Send",
        "traitUrl": "https://doc.rust-lang.org/nightly/core/marker/trait.Send.html",
        "isSynthetic": true,
        "isStd": true
      },
      {
        "traitName": "Sync",
        "traitUrl": "https://doc.rust-lang.org/nightly/core/marker/trait.Sync.html",
        "isSynthetic": true,
        "isStd": true
      },
      {
        "traitName": "TryFrom",
        "traitUrl": "https://doc.rust-lang.org/nightly/core/convert/trait.TryFrom.html",
        "args": [
          {
            "text": "<",
            "style": "Punctuation"
          },
          {
            "text": "U",
            "style": "Generic"
          },
          {
            "text": ">",
            "style": "Punctuation"
          }
        ],
        "assocTypes": [
          {
            "name": "Error",
            "type": [
              {
                "text": "Infallible",
                "style": "TypeName",
                "url": "https://doc.rust-lang.org/nightly/core/convert/enum.Infallible.html",
                "path": "core::convert::Infallible"
              }
            ]
          }
        ],
        "isStd": true,
        "blanket": [
          {
            "text": "T",
            "style": "Generic"
          }
        ]
      },
      {
        "traitName": "TryInto",
        "traitUrl": "https://doc.rust-lang.org/nightly/core/convert/trait.TryInto.html",
        "args": [
          {
            "text": "<",
            "style": "Punctuation"
          },
          {
            "text": "U",
            "style": "Generic"
          },
          {
            "text": ">",
            "style": "Punctuation"
          }
        ],
        "assocTypes": [
          {
            "name": "Error",
            "type": [
              {
                "text": "<",
                "style": "Punctuation"
              },
              {
                "text": "U",
                "style": "Generic"
              },
              {
                "text": " ",
                "style": "Plain"
              },
              {
                "text": "as",
                "style": "Keyword"
              },
              {
                "text": " ",
                "style": "Plain"
              },
              {
                "text": "TryFrom",
                "style": "TypeName",
                "url": "https://doc.rust-lang.org/nightly/core/convert/trait.TryFrom.html",
                "path": "core::convert::TryFrom"
              },
              {
                "text": "<",
                "style": "Punctuation"
              },
              {
                "text": "T",
                "style": "Generic"
              },
              {
                "text": ">",
                "style": "Punctuation"
              },
              {
                "text": ">",
                "style": "Punctuation"
              },
              {
                "text": "::",
                "style": "Punctuation"
              },
              {
                "text": "Error",
                "style": "Plain"
              }
            ]
          }
        ],
        "isStd": true,
        "blanket": [
          {
            "text": "T",
            "style": "Generic"
          }
        ]
      },
      {
        "traitName": "Unpin",
        "traitUrl": "https://doc.rust-lang.org/nightly/core/marker/trait.Unpin.html",
        "isSynthetic": true,
        "isStd": true
      },
      {
        "traitName": "UnsafeUnpin",
        "traitUrl": "https://doc.rust-lang.org/nightly/core/marker/trait.UnsafeUnpin.html",
        "isSynthetic": true,
        "isStd": true
      },
      {
        "traitName": "UnwindSafe",
        "traitUrl": "https://doc.rust-lang.org/nightly/core/panic/unwind_safe/trait.UnwindSafe.html",
        "isSynthetic": true,
        "isStd": true
      }
    ]
  }
}
