---
source: ferritin/src/tests.rs
expression: "render_for_tests_rooted(Commands::get(\"std\"), OutputMode :: Tty, &\nget_fixture_crate_path ())"
---
Item: std
Kind: Module
Visibility: Public
Defined at: [std](https://doc.rust-lang.org/nightly/std/index.html)
In crate: std (RUST_VERSION)

The Rust Standard Library
================================================================================

The Rust Standard Library is the foundation of portable Rust software, a set of
minimal and battle-tested shared abstractions for the [broader Rust](https://crates.io)[ ](https://crates.io)[ecosystem](https://crates.io).
It offers core types, like [Vec<T>](https://doc.rust-lang.org/nightly/alloc/vec/index.html?search=alloc%3A%3Avec%3A%3AVec) and [Option<T>](https://doc.rust-lang.org/nightly/core/option/index.html?search=core%3A%3Aoption%3A%3AOption), library-defined [operations on](#primitives)
[language](#primitives)[ ](#primitives)[primitives](#primitives), [standard macros](#macros), [I/O](https://doc.rust-lang.org/nightly/std/io/index.html) and [multithreading](https://doc.rust-lang.org/nightly/std/thread/index.html), among [many other](#what-is-in-the-standard-library-documentation)
[things](#what-is-in-the-standard-library-documentation).

std is available to all Rust crates by default. Therefore, the standard library
can be accessed in [use](../book/ch07-02-defining-modules-to-control-scope-and-privacy.html) statements through the path std, as in [use std::env](https://doc.rust-lang.org/nightly/std/env/index.html).

How to read this documentation
================================================================================

If you already know the name of what you are looking for, the fastest way to 
find it is to use the search button at the top of the page.

Otherwise, you may want to jump to one of these useful sections:

  ◦ [std::*](#modules)[ modules](#modules)

  ◦ [Primitive types](#primitives)

  ◦ [Standard macros](#macros)

  ◦ [The Rust Prelude](https://doc.rust-lang.org/nightly/std/prelude/index.html)

If this is your first time, the documentation for the standard library is 
written to be casually perused. Clicking on interesting things should generally
lead you to interesting places. Still, there are important bits you don't want
to miss, so read on for a tour of the standard library and its documentation!

Once you are familiar with the contents of the standard library you may begin
to find the verbosity of the prose distracting. At this stage in your 
development you may want to press the " Summary" button near the top of the
page to collapse it into a more skimmable view.

While you are looking at the top of the page, also notice the "Source" link.
Rust's API documentation comes with the source code and you are encouraged to
read it. The standard library source is generally high quality and a peek
behind the curtains is often enlightening.

What is in the standard library documentation?
================================================================================

First of all, The Rust Standard Library is divided into a number of focused 
modules, [all listed further down this page](#modules). These modules are the bedrock upon
which all of Rust is forged, and they have mighty names like [std::slice](https://doc.rust-lang.org/nightly/alloc/index.html?search=alloc%3A%3Aslice) and 
[std::cmp](https://doc.rust-lang.org/nightly/core/index.html?search=core%3A%3Acmp). Modules' documentation typically includes an overview of the module
along with examples, and are a smart place to start familiarizing yourself with
the library.

Second, implicit methods on [primitive types](../book/ch03-02-data-types.html) are documented here. This can be a
source of confusion for two reasons:

  ◦ While primitives are implemented by the compiler, the standard library 
    implements methods directly on the primitive types (and it is the only 
    library that does so), which are [documented in the section on](#primitives)[ ](#primitives)[primitives](#primitives).

  ◦ The standard library exports many modules with the same name as primitive
    types. These define additional items related to the primitive type, but not
    the all-important methods.

So for example there is a [page for the primitive type](https://doc.rust-lang.org/nightly/std/primitive.char.html)[ ](https://doc.rust-lang.org/nightly/std/primitive.char.html)[char](https://doc.rust-lang.org/nightly/std/primitive.char.html) that lists all the
methods that can be called on characters (very useful), and there is a [page for](https://doc.rust-lang.org/nightly/core/index.html?search=core%3A%3Achar)
[the module](https://doc.rust-lang.org/nightly/core/index.html?search=core%3A%3Achar)[ ](https://doc.rust-lang.org/nightly/core/index.html?search=core%3A%3Achar)[std::char](https://doc.rust-lang.org/nightly/core/index.html?search=core%3A%3Achar) that documents iterator and error types created by these
methods (rarely useful).

Note the documentation for the primitives [str](https://doc.rust-lang.org/nightly/std/primitive.str.html) and [[T]](https://doc.rust-lang.org/nightly/std/primitive.slice.html) (also called 'slice').
Many method calls on [String](https://doc.rust-lang.org/nightly/alloc/string/index.html?search=alloc%3A%3Astring%3A%3AString) and [Vec<T>](https://doc.rust-lang.org/nightly/alloc/vec/index.html?search=alloc%3A%3Avec%3A%3AVec) are actually calls to methods on [str](https://doc.rust-lang.org/nightly/std/primitive.str.html) and 
[[T]](https://doc.rust-lang.org/nightly/std/primitive.slice.html) respectively, via [deref](../book/ch15-02-deref.html#implicit-deref-coercions-with-functions-and-methods)[ ](../book/ch15-02-deref.html#implicit-deref-coercions-with-functions-and-methods)[coercions](../book/ch15-02-deref.html#implicit-deref-coercions-with-functions-and-methods).

Third, the standard library defines [The Rust Prelude](https://doc.rust-lang.org/nightly/std/prelude/index.html), a small collection of
items - mostly traits - that are imported into every module of every crate. The
traits in the prelude are pervasive, making the prelude documentation a good
entry point to learning about the library.

And finally, the standard library exports a number of standard macros, and [lists](#macros)
[them on this page](#macros) (technically, not all of the standard macros are defined by
the standard library - some are defined by the compiler - but they are
documented here the same). Like the prelude, the standard macros are imported
by default into all crates.

Contributing changes to the documentation
================================================================================

Check out the Rust contribution guidelines [here](https://rustc-dev-guide.rust-lang.org/contributing.html#writing-documentation). The source for this
documentation can be found on [GitHub](https://github.com/rust-lang/rust) in the 'library/std/' directory. To
contribute changes, make sure you read the guidelines first, then submit 
pull-requests for your suggested changes.

Contributions are appreciated! If you see a part of the docs that can be 
improved, submit a PR, or chat with us first on [Zulip](https://rust-lang.zulipchat.com/#narrow/channel/219381-t-libs/) #t-libs.

A Tour of The Rust Standard Library
================================================================================

The rest of this crate documentation is dedicated to pointing out notable 
features of The Rust Standard Library.

Containers and collections
--------------------------------------------------------------------------------

The [option](https://doc.rust-lang.org/nightly/core/index.html?search=core%3A%3Aoption) and [result](https://doc.rust-lang.org/nightly/core/index.html?search=core%3A%3Aresult) modules define optional and error-handling types, 
[Option<T>](https://doc.rust-lang.org/nightly/core/option/index.html?search=core%3A%3Aoption%3A%3AOption) and [Result<T, E>](https://doc.rust-lang.org/nightly/core/result/index.html?search=core%3A%3Aresult%3A%3AResult). The [iter](https://doc.rust-lang.org/nightly/core/index.html?search=core%3A%3Aiter) module defines Rust's iterator trait, 
[Iterator](https://doc.rust-lang.org/nightly/core/iter/traits/iterator/index.html?search=core%3A%3Aiter%3A%3Atraits%3A%3Aiterator%3A%3AIterator), which works with the [for](../book/ch03-05-control-flow.html#looping-through-a-collection-with-for) loop to access collections.

The standard library exposes three common ways to deal with contiguous regions
of memory:

  ◦ [Vec<T>](https://doc.rust-lang.org/nightly/alloc/vec/index.html?search=alloc%3A%3Avec%3A%3AVec) - A heap-allocated vector that is resizable at runtime.

  ◦ [[T; N]](https://doc.rust-lang.org/nightly/std/primitive.array.html) - An inline array with a fixed size at compile time.

  ◦ [[T]](https://doc.rust-lang.org/nightly/std/primitive.slice.html) - A dynamically sized slice into any other kind of contiguous storage,
    whether heap-allocated or not.

Slices can only be handled through some kind of pointer, and as such come in
many flavors such as:

  ◦ &[T] - shared slice

  ◦ &mut [T] - mutable slice

  ◦ [Box<[T]>](https://doc.rust-lang.org/nightly/alloc/index.html?search=alloc%3A%3Aboxed) - owned slice

[str](https://doc.rust-lang.org/nightly/std/primitive.str.html), a UTF-8 string slice, is a primitive type, and the standard library defines
many methods for it. Rust [str](https://doc.rust-lang.org/nightly/std/primitive.str.html)s are typically accessed as immutable references: 
&str. Use the owned [String](https://doc.rust-lang.org/nightly/alloc/string/index.html?search=alloc%3A%3Astring%3A%3AString) for building and mutating strings.

For converting to strings use the [format!](https://doc.rust-lang.org/nightly/alloc/index.html?search=alloc%3A%3Aformat) macro, and for converting from strings
use the [FromStr](https://doc.rust-lang.org/nightly/core/str/traits/index.html?search=core%3A%3Astr%3A%3Atraits%3A%3AFromStr) trait.

Data may be shared by placing it in a reference-counted box or the [Rc](https://doc.rust-lang.org/nightly/alloc/rc/index.html?search=alloc%3A%3Arc%3A%3ARc) type, and
if further contained in a [Cell](https://doc.rust-lang.org/nightly/core/cell/index.html?search=core%3A%3Acell%3A%3ACell) or [RefCell](https://doc.rust-lang.org/nightly/core/cell/index.html?search=core%3A%3Acell%3A%3ARefCell), may be mutated as well as shared.
Likewise, in a concurrent setting it is common to pair an 
atomically-reference-counted box, [Arc](https://doc.rust-lang.org/nightly/alloc/sync/index.html?search=alloc%3A%3Async%3A%3AArc), with a [Mutex](https://doc.rust-lang.org/nightly/std/sync/poison/mutex/struct.Mutex.html) to get the same effect.

The [collections](https://doc.rust-lang.org/nightly/std/collections/index.html) module defines maps, sets, linked lists and other typical
collection types, including the common [HashMap<K, V>](https://doc.rust-lang.org/nightly/std/collections/hash/map/struct.HashMap.html).

Platform abstractions and I/O
--------------------------------------------------------------------------------

Besides basic data types, the standard library is largely concerned with 
abstracting over differences in common platforms, most notably Windows and Unix
derivatives.

Common types of I/O, including [files](https://doc.rust-lang.org/nightly/std/fs/struct.File.html), [TCP](https://doc.rust-lang.org/nightly/std/net/tcp/struct.TcpStream.html), and [UDP](https://doc.rust-lang.org/nightly/std/net/udp/struct.UdpSocket.html), are defined in the [io](https://doc.rust-lang.org/nightly/std/io/index.html), [fs](https://doc.rust-lang.org/nightly/std/fs/index.html),
and [net](https://doc.rust-lang.org/nightly/std/net/index.html) modules.

The [thread](https://doc.rust-lang.org/nightly/std/thread/index.html) module contains Rust's threading abstractions. [sync](https://doc.rust-lang.org/nightly/std/sync/index.html) contains further
primitive shared memory types, including [atomic](https://doc.rust-lang.org/nightly/core/sync/index.html?search=core%3A%3Async%3A%3Aatomic), [mpmc](https://doc.rust-lang.org/nightly/std/sync/mpmc/index.html) and [mpsc](https://doc.rust-lang.org/nightly/std/sync/mpsc/index.html), which contains
the channel types for message passing.

Use before and after main()
================================================================================

Many parts of the standard library are expected to work before and after main();
 but this is not guaranteed or ensured by tests. It is recommended that you
write your own tests and run them on each platform you wish to support. This
means that use of std before/after main, especially of features that interact
with the OS or global state, is exempted from stability and portability
guarantees and instead only provided on a best-effort basis. Nevertheless bug
reports are appreciated.

On the other hand core and alloc are most likely to work in such environments
with the caveat that any hookable behavior such as panics, oom handling or
allocators will also depend on the compatibility of the hooks.

Some features may also behave differently outside main, e.g. stdio could become
unbuffered, some panics might turn into aborts, backtraces might not get
symbolicated or similar.

Non-exhaustive list of known limitations:

  ◦ after-main use of thread-locals, which also affects additional features:
      ▪ [thread::current()](https://doc.rust-lang.org/nightly/std/thread/current/fn.current.html)

  ◦ under UNIX, before main, file descriptors 0, 1, and 2 may be unchanged (they
    are guaranteed to be open during main, and are opened to /dev/null O_RDWR
    if they weren't open on program start)

Modules

  ◦ [__restricted_std_workaround](https://doc.rust-lang.org/nightly/std/__restricted_std_workaround/index.html) 

  ◦ [alloc](https://doc.rust-lang.org/nightly/std/alloc/index.html) 
    Memory allocation APIs. [...]

  ◦ [allow_attribute](https://doc.rust-lang.org/nightly/std/allow_attribute/index.html) 
    The allow attribute suppresses lint diagnostics that would otherwise produce 
    warnings or errors. It can be used on any lint or lint group (except those set
    to [forbid](./attribute.forbid.html)). [...]

  ◦ [any](https://doc.rust-lang.org/nightly/core/any/index.html) 
    Utilities for dynamic typing or type reflection. [...]

  ◦ [arch](https://doc.rust-lang.org/nightly/std/arch/index.html) 
    SIMD and vendor intrinsics module. [...]

  ◦ [array](https://doc.rust-lang.org/nightly/core/array/index.html) 
    Utilities for the array primitive type. [...]

  ◦ [as_keyword](https://doc.rust-lang.org/nightly/std/as_keyword/index.html) 
    Cast between types, rename an import, or qualify paths to associated items. [...]

  ◦ [ascii](https://doc.rust-lang.org/nightly/std/ascii/index.html) 
    Operations on ASCII strings and characters. [...]

  ◦ [async_iter](https://doc.rust-lang.org/nightly/core/async_iter/index.html) 
    Composable asynchronous iteration. [...]

  ◦ [async_keyword](https://doc.rust-lang.org/nightly/std/async_keyword/index.html) 
    Returns a [Future](https://doc.rust-lang.org/nightly/core/future/future/index.html?search=core%3A%3Afuture%3A%3Afuture%3A%3AFuture) instead of blocking the current thread. [...]

  ◦ [autodiff](https://doc.rust-lang.org/nightly/std/autodiff/index.html) 
    This module provides support for automatic differentiation. For precise
    information on differences between the autodiff_forward and autodiff_reverse
    macros and how to use them, see their respective documentation. [...]

  ◦ [await_keyword](https://doc.rust-lang.org/nightly/std/await_keyword/index.html) 
    Suspend execution until the result of a [Future](https://doc.rust-lang.org/nightly/core/future/future/index.html?search=core%3A%3Afuture%3A%3Afuture%3A%3AFuture) is ready. [...]

  ◦ [backtrace](https://doc.rust-lang.org/nightly/std/backtrace/index.html) 
    Support for capturing a stack backtrace of an OS thread [...]

  ◦ [backtrace_rs](https://doc.rust-lang.org/nightly/std/backtrace_rs/index.html) 
    A library for acquiring a backtrace at runtime [...]

  ◦ [become_keyword](https://doc.rust-lang.org/nightly/std/become_keyword/index.html) 
    Perform a tail-call of a function. [...]

  ◦ [borrow](https://doc.rust-lang.org/nightly/alloc/borrow/index.html) 
    A module for working with borrowed data.

  ◦ [boxed](https://doc.rust-lang.org/nightly/alloc/boxed/index.html) 
    The Box<T> type for heap allocation. [...]

  ◦ [break_keyword](https://doc.rust-lang.org/nightly/std/break_keyword/index.html) 
    Exit early from a loop or labelled block. [...]

  ◦ [bstr](https://doc.rust-lang.org/nightly/std/bstr/index.html) 
    The ByteStr and ByteString types and trait implementations.

  ◦ [cell](https://doc.rust-lang.org/nightly/core/cell/index.html) 
    Shareable mutable containers. [...]

  ◦ [cfg_attribute](https://doc.rust-lang.org/nightly/std/cfg_attribute/index.html) 
    Used for conditional compilation. [...]

  ◦ [char](https://doc.rust-lang.org/nightly/core/char/index.html) 
    Utilities for the char primitive type. [...]

  ◦ [clone](https://doc.rust-lang.org/nightly/core/clone/index.html) 
    The Clone trait for types that cannot be 'implicitly copied'. [...]

  ◦ [cmp](https://doc.rust-lang.org/nightly/core/cmp/index.html) 
    Utilities for comparing and ordering values. [...]

  ◦ [cold_attribute](https://doc.rust-lang.org/nightly/std/cold_attribute/index.html) 
    Hint to the compiler that a function is unlikely to be called. [...]

  ◦ [collections](https://doc.rust-lang.org/nightly/std/collections/index.html) 
    Collection types. [...]

  ◦ [const_keyword](https://doc.rust-lang.org/nightly/std/const_keyword/index.html) 
    Compile-time constants, compile-time blocks, compile-time evaluable functions,
    and raw pointers. [...]

  ◦ [continue_keyword](https://doc.rust-lang.org/nightly/std/continue_keyword/index.html) 
    Skip to the next iteration of a loop. [...]

  ◦ [convert](https://doc.rust-lang.org/nightly/core/convert/index.html) 
    Traits for conversions between types. [...]

  ◦ [crate_keyword](https://doc.rust-lang.org/nightly/std/crate_keyword/index.html) 
    A Rust binary or library. [...]

  ◦ [default](https://doc.rust-lang.org/nightly/core/default/index.html) 
    The Default trait for types with a default value.

  ◦ [deny_attribute](https://doc.rust-lang.org/nightly/std/deny_attribute/index.html) 
    Emits an error, preventing the compilation from finishing, when a lint check
    has failed. This is useful for enforcing rules or preventing certain patterns: [...]

  ◦ [deprecated_attribute](https://doc.rust-lang.org/nightly/std/deprecated_attribute/index.html) 
    Emits a warning during compilation when an item with this attribute is used. 
    since and note are optional fields giving more detail about why the item is
    deprecated. [...]

  ◦ [dyn_keyword](https://doc.rust-lang.org/nightly/std/dyn_keyword/index.html) 
    dyn is a prefix of a [trait object](../book/ch17-02-trait-objects.html)'s type. [...]

  ◦ [else_keyword](https://doc.rust-lang.org/nightly/std/else_keyword/index.html) 
    What expression to evaluate when an [if](https://doc.rust-lang.org/nightly/std/else_keyword/keyword.if.html) condition evaluates to [false](https://doc.rust-lang.org/nightly/std/else_keyword/keyword.false.html). [...]

  ◦ [enum_keyword](https://doc.rust-lang.org/nightly/std/enum_keyword/index.html) 
    A type that can be any one of several variants. [...]

  ◦ [env](https://doc.rust-lang.org/nightly/std/env/index.html) 
    Inspection and manipulation of the process's environment. [...]

  ◦ [error](https://doc.rust-lang.org/nightly/std/error/index.html) 
    Interfaces for working with Errors. [...]

  ◦ [extern_keyword](https://doc.rust-lang.org/nightly/std/extern_keyword/index.html) 
    Link to or import external code. [...]

  ◦ [f128](https://doc.rust-lang.org/nightly/std/f128/index.html) 
    Constants for the f128 quadruple-precision floating point type. [...]

  ◦ [f16](https://doc.rust-lang.org/nightly/std/f16/index.html) 
    Constants for the f16 half-precision floating point type. [...]

  ◦ [f32](https://doc.rust-lang.org/nightly/std/f32/index.html) 
    Constants for the f32 single-precision floating point type. [...]

  ◦ [f64](https://doc.rust-lang.org/nightly/std/f64/index.html) 
    Constants for the f64 double-precision floating point type. [...]

  ◦ [false_keyword](https://doc.rust-lang.org/nightly/std/false_keyword/index.html) 
    A value of type [prim@bool](https://doc.rust-lang.org/nightly/std/primitive.bool.html) representing logical false. [...]

  ◦ [ffi](https://doc.rust-lang.org/nightly/std/ffi/index.html) 
    Utilities related to FFI bindings. [...]

  ◦ [field](https://doc.rust-lang.org/nightly/core/field/index.html) 
    Field Reflection

  ◦ [fmt](https://doc.rust-lang.org/nightly/alloc/fmt/index.html) 
    Utilities for formatting and printing Strings. [...]

  ◦ [fn_keyword](https://doc.rust-lang.org/nightly/std/fn_keyword/index.html) 
    A function or function pointer. [...]

  ◦ [for_keyword](https://doc.rust-lang.org/nightly/std/for_keyword/index.html) 
    Iteration with [in](https://doc.rust-lang.org/nightly/std/for_keyword/keyword.in.html), trait implementation with [impl](https://doc.rust-lang.org/nightly/std/for_keyword/keyword.impl.html), or [higher-ranked trait bounds](../reference/trait-bounds.html#higher-ranked-trait-bounds)
     (for<'a>). [...]

  ◦ [forbid_attribute](https://doc.rust-lang.org/nightly/std/forbid_attribute/index.html) 
    Emits an error, preventing the compilation from finishing, when a lint check
    has failed. [...]

  ◦ [from](https://doc.rust-lang.org/nightly/std/from/index.html) 
    Unstable module containing the unstable From derive macro.

  ◦ [fs](https://doc.rust-lang.org/nightly/std/fs/index.html) 
    Filesystem manipulation operations. [...]

  ◦ [future](https://doc.rust-lang.org/nightly/core/future/index.html) 
    Asynchronous basic functionality. [...]

  ◦ [hash](https://doc.rust-lang.org/nightly/std/hash/index.html) 
    Generic hashing support. [...]

  ◦ [hint](https://doc.rust-lang.org/nightly/core/hint/index.html) 
    Hints to compiler that affects how code should be emitted or optimized. [...]

  ◦ [i128](https://doc.rust-lang.org/nightly/core/legacy_int_modules/i128/index.html) 
    Redundant constants module for the [i128](https://doc.rust-lang.org/nightly/core/primitive.i128.html)[ primitive type](https://doc.rust-lang.org/nightly/core/primitive.i128.html). [...]

  ◦ [i16](https://doc.rust-lang.org/nightly/core/legacy_int_modules/i16/index.html) 
    Redundant constants module for the [i16](https://doc.rust-lang.org/nightly/core/primitive.i16.html)[ primitive type](https://doc.rust-lang.org/nightly/core/primitive.i16.html). [...]

  ◦ [i32](https://doc.rust-lang.org/nightly/core/legacy_int_modules/i32/index.html) 
    Redundant constants module for the [i32](https://doc.rust-lang.org/nightly/core/primitive.i32.html)[ primitive type](https://doc.rust-lang.org/nightly/core/primitive.i32.html). [...]

  ◦ [i64](https://doc.rust-lang.org/nightly/core/legacy_int_modules/i64/index.html) 
    Redundant constants module for the [i64](https://doc.rust-lang.org/nightly/core/primitive.i64.html)[ primitive type](https://doc.rust-lang.org/nightly/core/primitive.i64.html). [...]

  ◦ [i8](https://doc.rust-lang.org/nightly/core/legacy_int_modules/i8/index.html) 
    Redundant constants module for the [i8](https://doc.rust-lang.org/nightly/core/primitive.i8.html)[ primitive type](https://doc.rust-lang.org/nightly/core/primitive.i8.html). [...]

  ◦ [if_keyword](https://doc.rust-lang.org/nightly/std/if_keyword/index.html) 
    Evaluate a block if a condition holds. [...]

  ◦ [impl_keyword](https://doc.rust-lang.org/nightly/std/impl_keyword/index.html) 
    Implementations of functionality for a type, or a type implementing some
    functionality. [...]

  ◦ [in_keyword](https://doc.rust-lang.org/nightly/std/in_keyword/index.html) 
    Iterate over a series of values with [for](https://doc.rust-lang.org/nightly/std/in_keyword/keyword.for.html). [...]

  ◦ [inline_attribute](https://doc.rust-lang.org/nightly/std/inline_attribute/index.html) 
    Suggest that the compiler inline a function at its call sites. [...]

  ◦ [intrinsics](https://doc.rust-lang.org/nightly/core/intrinsics/index.html) 
    Compiler intrinsics. [...]

  ◦ [io](https://doc.rust-lang.org/nightly/std/io/index.html) 
    Traits, helpers, and type definitions for core I/O functionality. [...]

  ◦ [isize](https://doc.rust-lang.org/nightly/core/legacy_int_modules/isize/index.html) 
    Redundant constants module for the [isize](https://doc.rust-lang.org/nightly/core/primitive.isize.html)[ primitive type](https://doc.rust-lang.org/nightly/core/primitive.isize.html). [...]

  ◦ [iter](https://doc.rust-lang.org/nightly/core/iter/index.html) 
    Composable external iteration. [...]

  ◦ [let_keyword](https://doc.rust-lang.org/nightly/std/let_keyword/index.html) 
    Bind a value to a variable. [...]

  ◦ [link_section_attribute](https://doc.rust-lang.org/nightly/std/link_section_attribute/index.html) 
    Places a function or static in a specific object-file section. [...]

  ◦ [loop_keyword](https://doc.rust-lang.org/nightly/std/loop_keyword/index.html) 
    Loop indefinitely. [...]

  ◦ [macros](https://doc.rust-lang.org/nightly/std/macros/index.html) 
    Standard library macros [...]

  ◦ [marker](https://doc.rust-lang.org/nightly/core/marker/index.html) 
    Primitive traits and types representing basic properties of types. [...]

  ◦ [match_keyword](https://doc.rust-lang.org/nightly/std/match_keyword/index.html) 
    Control flow based on pattern matching. [...]

  ◦ [mem](https://doc.rust-lang.org/nightly/core/mem/index.html) 
    Basic functions for dealing with memory, values, and types. [...]

  ◦ [mod_keyword](https://doc.rust-lang.org/nightly/std/mod_keyword/index.html) 
    Organize code into [modules](../reference/items/modules.html). [...]

  ◦ [move_keyword](https://doc.rust-lang.org/nightly/std/move_keyword/index.html) 
    Capture a [closure](../book/ch13-01-closures.html)'s environment by value. [...]

  ◦ [must_use_attribute](https://doc.rust-lang.org/nightly/std/must_use_attribute/index.html) 
    Warn when a value is ignored. [...]

  ◦ [mut_keyword](https://doc.rust-lang.org/nightly/std/mut_keyword/index.html) 
    A mutable variable, reference, or pointer. [...]

  ◦ [net](https://doc.rust-lang.org/nightly/std/net/index.html) 
    Networking primitives for TCP/UDP communication. [...]

  ◦ [no_std_attribute](https://doc.rust-lang.org/nightly/std/no_std_attribute/index.html) 
    Prevents automatically linking the standard library. [...]

  ◦ [num](https://doc.rust-lang.org/nightly/std/num/index.html) 
    Additional functionality for numerics. [...]

  ◦ [offload](https://doc.rust-lang.org/nightly/std/offload/index.html) 
    This module provides support for gpu offloading. For technical details
    regarding the offload_kernel and how to use it, see their respective
    documentation. [...]

  ◦ [ops](https://doc.rust-lang.org/nightly/core/ops/index.html) 
    Overloadable operators. [...]

  ◦ [option](https://doc.rust-lang.org/nightly/core/option/index.html) 
    Optional values. [...]

  ◦ [os](https://doc.rust-lang.org/nightly/std/os/index.html) 
    OS-specific functionality.

  ◦ [panic](https://doc.rust-lang.org/nightly/std/panic/index.html) 
    Panic support in the standard library.

  ◦ [panicking](https://doc.rust-lang.org/nightly/std/panicking/index.html) 
    Implementation of various bits and pieces of the panic! macro and associated
    runtime pieces. [...]

  ◦ [pat](https://doc.rust-lang.org/nightly/std/pat/index.html) 
    Helper module for exporting the pattern_type macro

  ◦ [path](https://doc.rust-lang.org/nightly/std/path/index.html) 
    Cross-platform path manipulation. [...]

  ◦ [pin](https://doc.rust-lang.org/nightly/core/pin/index.html) 
    Types that pin data to a location in memory. [...]

  ◦ [prelude](https://doc.rust-lang.org/nightly/std/prelude/index.html) 
    The Rust Prelude [...]

  ◦ [prim_array](https://doc.rust-lang.org/nightly/std/prim_array/index.html) 
    A fixed-size array, denoted [T; N], for the element type, T, and the 
    non-negative compile-time constant size, N. [...]

  ◦ [prim_bool](https://doc.rust-lang.org/nightly/std/prim_bool/index.html) 
    The boolean type. [...]

  ◦ [prim_char](https://doc.rust-lang.org/nightly/std/prim_char/index.html) 
    A character type. [...]

  ◦ [prim_f128](https://doc.rust-lang.org/nightly/std/prim_f128/index.html) 
    A 128-bit floating-point type (specifically, the "binary128" type defined in
    IEEE 754-2008). [...]

  ◦ [prim_f16](https://doc.rust-lang.org/nightly/std/prim_f16/index.html) 
    A 16-bit floating-point type (specifically, the "binary16" type defined in IEEE
    754-2008). [...]

  ◦ [prim_f32](https://doc.rust-lang.org/nightly/std/prim_f32/index.html) 
    A 32-bit floating-point type (specifically, the "binary32" type defined in IEEE
    754-2008). [...]

  ◦ [prim_f64](https://doc.rust-lang.org/nightly/std/prim_f64/index.html) 
    A 64-bit floating-point type (specifically, the "binary64" type defined in IEEE
    754-2008). [...]

  ◦ [prim_fn](https://doc.rust-lang.org/nightly/std/prim_fn/index.html) 
    Function pointers, like fn(usize) -> bool. [...]

  ◦ [prim_i128](https://doc.rust-lang.org/nightly/std/prim_i128/index.html) 
    The 128-bit signed integer type. [...]

  ◦ [prim_i16](https://doc.rust-lang.org/nightly/std/prim_i16/index.html) 
    The 16-bit signed integer type.

  ◦ [prim_i32](https://doc.rust-lang.org/nightly/std/prim_i32/index.html) 
    The 32-bit signed integer type.

  ◦ [prim_i64](https://doc.rust-lang.org/nightly/std/prim_i64/index.html) 
    The 64-bit signed integer type.

  ◦ [prim_i8](https://doc.rust-lang.org/nightly/std/prim_i8/index.html) 
    The 8-bit signed integer type.

  ◦ [prim_isize](https://doc.rust-lang.org/nightly/std/prim_isize/index.html) 
    The pointer-sized signed integer type. [...]

  ◦ [prim_never](https://doc.rust-lang.org/nightly/std/prim_never/index.html) 
    The ! type, also called "never". [...]

  ◦ [prim_pointer](https://doc.rust-lang.org/nightly/std/prim_pointer/index.html) 
    Raw, unsafe pointers, *const T, and *mut T. [...]

  ◦ [prim_ref](https://doc.rust-lang.org/nightly/std/prim_ref/index.html) 
    References, &T and &mut T. [...]

  ◦ [prim_slice](https://doc.rust-lang.org/nightly/std/prim_slice/index.html) 
    A dynamically-sized view into a contiguous sequence, [T]. [...]

  ◦ [prim_str](https://doc.rust-lang.org/nightly/std/prim_str/index.html) 
    String slices. [...]

  ◦ [prim_tuple](https://doc.rust-lang.org/nightly/std/prim_tuple/index.html) 
    A finite heterogeneous sequence, (T, U, ..). [...]

  ◦ [prim_u128](https://doc.rust-lang.org/nightly/std/prim_u128/index.html) 
    The 128-bit unsigned integer type. [...]

  ◦ [prim_u16](https://doc.rust-lang.org/nightly/std/prim_u16/index.html) 
    The 16-bit unsigned integer type.

  ◦ [prim_u32](https://doc.rust-lang.org/nightly/std/prim_u32/index.html) 
    The 32-bit unsigned integer type.

  ◦ [prim_u64](https://doc.rust-lang.org/nightly/std/prim_u64/index.html) 
    The 64-bit unsigned integer type.

  ◦ [prim_u8](https://doc.rust-lang.org/nightly/std/prim_u8/index.html) 
    The 8-bit unsigned integer type.

  ◦ [prim_unit](https://doc.rust-lang.org/nightly/std/prim_unit/index.html) 
    The () type, also called "unit". [...]

  ◦ [prim_usize](https://doc.rust-lang.org/nightly/std/prim_usize/index.html) 
    The pointer-sized unsigned integer type. [...]

  ◦ [primitive](https://doc.rust-lang.org/nightly/core/primitive/index.html) 
    This module reexports the primitive types to allow usage that is not possibly
    shadowed by other declared types. [...]

  ◦ [proc_macro_attribute](https://doc.rust-lang.org/nightly/std/proc_macro_attribute/index.html) 
    Defines a function-like procedural macro. [...]

  ◦ [process](https://doc.rust-lang.org/nightly/std/process/index.html) 
    A module for working with processes. [...]

  ◦ [ptr](https://doc.rust-lang.org/nightly/core/ptr/index.html) 
    Manually manage memory through raw pointers. [...]

  ◦ [pub_keyword](https://doc.rust-lang.org/nightly/std/pub_keyword/index.html) 
    Make an item visible to others. [...]

  ◦ [random](https://doc.rust-lang.org/nightly/std/random/index.html) 
    Random value generation. [...]

  ◦ [range](https://doc.rust-lang.org/nightly/core/range/index.html) 
    Replacement range types [...]

  ◦ [rc](https://doc.rust-lang.org/nightly/alloc/rc/index.html) 
    Single-threaded reference-counting pointers. 'Rc' stands for 'Reference 
    Counted'. [...]

  ◦ [ref_keyword](https://doc.rust-lang.org/nightly/std/ref_keyword/index.html) 
    Bind by reference during pattern matching. [...]

  ◦ [result](https://doc.rust-lang.org/nightly/core/result/index.html) 
    Error handling with the Result type. [...]

  ◦ [return_keyword](https://doc.rust-lang.org/nightly/std/return_keyword/index.html) 
    Returns a value from a function. [...]

  ◦ [rt](https://doc.rust-lang.org/nightly/std/rt/index.html) 
    Runtime services [...]

  ◦ [self_keyword](https://doc.rust-lang.org/nightly/std/self_keyword/index.html) 
    The receiver of a method, or the current module. [...]

  ◦ [self_upper_keyword](https://doc.rust-lang.org/nightly/std/self_upper_keyword/index.html) 
    The implementing type within a [trait](https://doc.rust-lang.org/nightly/std/self_upper_keyword/keyword.trait.html) or [impl](https://doc.rust-lang.org/nightly/std/self_upper_keyword/keyword.impl.html) block, or the current type within
    a type definition. [...]

  ◦ [simd](https://doc.rust-lang.org/nightly/std/simd/index.html) 
    Portable SIMD module. [...]

  ◦ [slice](https://doc.rust-lang.org/nightly/alloc/slice/index.html) 
    Utilities for the slice primitive type. [...]

  ◦ [static_keyword](https://doc.rust-lang.org/nightly/std/static_keyword/index.html) 
    A static item is a value which is valid for the entire duration of your program
    (a 'static lifetime). [...]

  ◦ [std_float](https://doc.rust-lang.org/nightly/std/std_float/index.html) 

  ◦ [str](https://doc.rust-lang.org/nightly/alloc/str/index.html) 
    Utilities for the str primitive type. [...]

  ◦ [string](https://doc.rust-lang.org/nightly/alloc/string/index.html) 
    A UTF-8–encoded, growable string. [...]

  ◦ [struct_keyword](https://doc.rust-lang.org/nightly/std/struct_keyword/index.html) 
    A type that is composed of other types. [...]

  ◦ [super_keyword](https://doc.rust-lang.org/nightly/std/super_keyword/index.html) 
    The parent of the current [module](../reference/items/modules.html). [...]

  ◦ [sync](https://doc.rust-lang.org/nightly/std/sync/index.html) 
    Useful synchronization primitives. [...]

  ◦ [sys](https://doc.rust-lang.org/nightly/std/sys/index.html) 

  ◦ [task](https://doc.rust-lang.org/nightly/std/task/index.html) 
    Types and Traits for working with asynchronous tasks.

  ◦ [thread](https://doc.rust-lang.org/nightly/std/thread/index.html) 
    Native threads. [...]

  ◦ [time](https://doc.rust-lang.org/nightly/std/time/index.html) 
    Temporal quantification. [...]

  ◦ [track_caller_attribute](https://doc.rust-lang.org/nightly/std/track_caller_attribute/index.html) 
    Make a function report the location of its caller instead of its own. [...]

  ◦ [trait_keyword](https://doc.rust-lang.org/nightly/std/trait_keyword/index.html) 
    A common interface for a group of types. [...]

  ◦ [true_keyword](https://doc.rust-lang.org/nightly/std/true_keyword/index.html) 
    A value of type [prim@bool](https://doc.rust-lang.org/nightly/std/primitive.bool.html) representing logical true. [...]

  ◦ [type_keyword](https://doc.rust-lang.org/nightly/std/type_keyword/index.html) 
    Define an [alias](../reference/items/type-aliases.html) for an existing type. [...]

  ◦ [u128](https://doc.rust-lang.org/nightly/core/legacy_int_modules/u128/index.html) 
    Redundant constants module for the [u128](https://doc.rust-lang.org/nightly/core/primitive.u128.html)[ primitive type](https://doc.rust-lang.org/nightly/core/primitive.u128.html). [...]

  ◦ [u16](https://doc.rust-lang.org/nightly/core/legacy_int_modules/u16/index.html) 
    Redundant constants module for the [u16](https://doc.rust-lang.org/nightly/core/primitive.u16.html)[ primitive type](https://doc.rust-lang.org/nightly/core/primitive.u16.html). [...]

  ◦ [u32](https://doc.rust-lang.org/nightly/core/legacy_int_modules/u32/index.html) 
    Redundant constants module for the [u32](https://doc.rust-lang.org/nightly/core/primitive.u32.html)[ primitive type](https://doc.rust-lang.org/nightly/core/primitive.u32.html). [...]

  ◦ [u64](https://doc.rust-lang.org/nightly/core/legacy_int_modules/u64/index.html) 
    Redundant constants module for the [u64](https://doc.rust-lang.org/nightly/core/primitive.u64.html)[ primitive type](https://doc.rust-lang.org/nightly/core/primitive.u64.html). [...]

  ◦ [u8](https://doc.rust-lang.org/nightly/core/legacy_int_modules/u8/index.html) 
    Redundant constants module for the [u8](https://doc.rust-lang.org/nightly/core/primitive.u8.html)[ primitive type](https://doc.rust-lang.org/nightly/core/primitive.u8.html). [...]

  ◦ [union_keyword](https://doc.rust-lang.org/nightly/std/union_keyword/index.html) 
    The [Rust equivalent of a C-style union](../reference/items/unions.html). [...]

  ◦ [unsafe_binder](https://doc.rust-lang.org/nightly/core/unsafe_binder/index.html) 
    Operators used to turn types into unsafe binders and back.

  ◦ [unsafe_keyword](https://doc.rust-lang.org/nightly/std/unsafe_keyword/index.html) 
    Code or interfaces whose [memory safety](../book/ch19-01-unsafe-rust.html) cannot be verified by the type system. [...]

  ◦ [use_keyword](https://doc.rust-lang.org/nightly/std/use_keyword/index.html) 
    Import or rename items from other crates or modules, use values under ergonomic
    clones semantic, or specify precise capturing with use<..>. [...]

  ◦ [usize](https://doc.rust-lang.org/nightly/core/legacy_int_modules/usize/index.html) 
    Redundant constants module for the [usize](https://doc.rust-lang.org/nightly/core/primitive.usize.html)[ primitive type](https://doc.rust-lang.org/nightly/core/primitive.usize.html). [...]

  ◦ [vec](https://doc.rust-lang.org/nightly/alloc/vec/index.html) 
    A contiguous growable array type with heap-allocated contents, written Vec<T>. [...]

  ◦ [view](https://doc.rust-lang.org/nightly/std/view/index.html) 
    Helper module for exporting the view_types macro.

  ◦ [warn_attribute](https://doc.rust-lang.org/nightly/std/warn_attribute/index.html) 
    Emits a warning during compilation when a lint check failed. [...]

  ◦ [where_keyword](https://doc.rust-lang.org/nightly/std/where_keyword/index.html) 
    Add constraints that must be upheld to use an item. [...]

  ◦ [while_keyword](https://doc.rust-lang.org/nightly/std/while_keyword/index.html) 
    Loop while a condition is upheld. [...]

Macros

  ◦ [assert](https://doc.rust-lang.org/nightly/core/macro.assert.html) 
    Asserts that a boolean expression is true at runtime. [...]

  ◦ [assert_eq](https://doc.rust-lang.org/nightly/core/macro.assert_eq.html) 
    Asserts that two expressions are equal to each other (using [PartialEq](https://doc.rust-lang.org/nightly/core/cmp/trait.PartialEq.html)). [...]

  ◦ [assert_matches](https://doc.rust-lang.org/nightly/core/macros/macro.assert_matches.html) 
    Asserts that an expression matches the provided pattern. [...]

  ◦ [assert_ne](https://doc.rust-lang.org/nightly/core/macro.assert_ne.html) 
    Asserts that two expressions are not equal to each other (using [PartialEq](https://doc.rust-lang.org/nightly/core/cmp/trait.PartialEq.html)). [...]

  ◦ [cfg](https://doc.rust-lang.org/nightly/core/macro.cfg.html) 
    Evaluates boolean combinations of configuration flags at compile-time. [...]

  ◦ [cfg_select](https://doc.rust-lang.org/nightly/core/macros/macro.cfg_select.html) 
    Selects code at compile-time based on cfg predicates. [...]

  ◦ [column](https://doc.rust-lang.org/nightly/core/macro.column.html) 
    Expands to the column number at which it was invoked. [...]

  ◦ [compile_error](https://doc.rust-lang.org/nightly/core/macro.compile_error.html) 
    Causes compilation to fail with the given error message when encountered. [...]

  ◦ [concat](https://doc.rust-lang.org/nightly/core/macro.concat.html) 
    Concatenates literals into a static string slice. [...]

  ◦ [concat_bytes](https://doc.rust-lang.org/nightly/core/macro.concat_bytes.html) 
    Concatenates literals into a byte slice. [...]

  ◦ [const_format_args](https://doc.rust-lang.org/nightly/core/macro.const_format_args.html) 
    Same as [format_args](https://doc.rust-lang.org/nightly/core/macro.format_args.html), but can be used in some const contexts. [...]

  ◦ [dbg](https://doc.rust-lang.org/nightly/std/macro.dbg.html) 
    Prints and returns the value of a given expression for quick and dirty 
    debugging. [...]

  ◦ [debug_assert](https://doc.rust-lang.org/nightly/core/macro.debug_assert.html) 
    Asserts that a boolean expression is true at runtime. [...]

  ◦ [debug_assert_eq](https://doc.rust-lang.org/nightly/core/macro.debug_assert_eq.html) 
    Asserts that two expressions are equal to each other. [...]

  ◦ [debug_assert_matches](https://doc.rust-lang.org/nightly/core/macros/macro.debug_assert_matches.html) 
    Asserts that an expression matches the provided pattern. [...]

  ◦ [debug_assert_ne](https://doc.rust-lang.org/nightly/core/macro.debug_assert_ne.html) 
    Asserts that two expressions are not equal to each other. [...]

  ◦ [derive](https://doc.rust-lang.org/nightly/core/macros/builtin/attr.derive.html) 
    Attribute macro used to apply derive macros. [...]

  ◦ [env](https://doc.rust-lang.org/nightly/core/macro.env.html) 
    Inspects an environment variable at compile time. [...]

  ◦ [eprint](https://doc.rust-lang.org/nightly/std/macro.eprint.html) 
    Prints to the standard error. [...]

  ◦ [eprintln](https://doc.rust-lang.org/nightly/std/macro.eprintln.html) 
    Prints to the standard error, with a newline. [...]

  ◦ [file](https://doc.rust-lang.org/nightly/core/macro.file.html) 
    Expands to the file name in which it was invoked. [...]

  ◦ [format](https://doc.rust-lang.org/nightly/alloc/macro.format.html) 
    Creates a String using interpolation of runtime expressions. [...]

  ◦ [format_args](https://doc.rust-lang.org/nightly/core/macro.format_args.html) 
    Constructs parameters for the other string-formatting macros. [...]

  ◦ [format_args_nl](https://doc.rust-lang.org/nightly/core/macro.format_args_nl.html) 
    Same as [format_args](https://doc.rust-lang.org/nightly/core/macro.format_args.html), but adds a newline in the end.

  ◦ [hash_map](https://doc.rust-lang.org/nightly/std/macro.hash_map.html) 
    Creates a [HashMap](https://doc.rust-lang.org/nightly/std/collections/hash/map/struct.HashMap.html) containing the arguments. [...]

  ◦ [include](https://doc.rust-lang.org/nightly/core/macro.include.html) 
    Parses a file as an expression or an item according to the context. [...]

  ◦ [include_bytes](https://doc.rust-lang.org/nightly/core/macro.include_bytes.html) 
    Includes a file as a reference to a byte array. [...]

  ◦ [include_str](https://doc.rust-lang.org/nightly/core/macro.include_str.html) 
    Includes a UTF-8 encoded file as a string. [...]

  ◦ [line](https://doc.rust-lang.org/nightly/core/macro.line.html) 
    Expands to the line number on which it was invoked. [...]

  ◦ [log_syntax](https://doc.rust-lang.org/nightly/core/macro.log_syntax.html) 
    Prints passed tokens into the standard output.

  ◦ [matches](https://doc.rust-lang.org/nightly/core/macro.matches.html) 
    Returns whether the given expression matches the provided pattern. [...]

  ◦ [module_path](https://doc.rust-lang.org/nightly/core/macro.module_path.html) 
    Expands to a string that represents the current module path. [...]

  ◦ [option_env](https://doc.rust-lang.org/nightly/core/macro.option_env.html) 
    Optionally inspects an environment variable at compile time. [...]

  ◦ [panic](https://doc.rust-lang.org/nightly/std/macro.panic.html) 
    Panics the current thread. [...]

  ◦ [print](https://doc.rust-lang.org/nightly/std/macro.print.html) 
    Prints to the standard output. [...]

  ◦ [println](https://doc.rust-lang.org/nightly/std/macro.println.html) 
    Prints to the standard output, with a newline. [...]

  ◦ [repetition_utils](https://doc.rust-lang.org/nightly/std/macro.repetition_utils.html) 

  ◦ [stringify](https://doc.rust-lang.org/nightly/core/macro.stringify.html) 
    Stringifies its arguments. [...]

  ◦ [thread_local](https://doc.rust-lang.org/nightly/std/macro.thread_local.html) 
    Declare a new thread local storage key of type [std::thread::LocalKey](https://doc.rust-lang.org/nightly/std/thread/local/struct.LocalKey.html). [...]

  ◦ [todo](https://doc.rust-lang.org/nightly/core/macro.todo.html) 
    Indicates unfinished code. [...]

  ◦ [trace_macros](https://doc.rust-lang.org/nightly/core/macro.trace_macros.html) 
    Enables or disables tracing functionality used for debugging other macros.

  ◦ [try](https://doc.rust-lang.org/nightly/core/macro.try.html) 
    Unwraps a result or propagates its error. [...]

  ◦ [unimplemented](https://doc.rust-lang.org/nightly/core/macro.unimplemented.html) 
    Indicates unimplemented code by panicking with a message of "not implemented". [...]

  ◦ [unreachable](https://doc.rust-lang.org/nightly/core/macro.unreachable.html) 
    Indicates unreachable code. [...]

  ◦ [vec](https://doc.rust-lang.org/nightly/alloc/macro.vec.html) 
    Creates a [Vec](https://doc.rust-lang.org/nightly/alloc/vec/struct.Vec.html) containing the arguments. [...]

  ◦ [write](https://doc.rust-lang.org/nightly/core/macro.write.html) 
    Writes formatted data into a buffer. [...]

  ◦ [writeln](https://doc.rust-lang.org/nightly/core/macro.writeln.html) 
    Writes formatted data into a buffer, with a newline appended. [...]

Primitives

  ◦ [array](https://doc.rust-lang.org/nightly/std/primitive.array.html) 
    A fixed-size array, denoted [T; N], for the element type, T, and the 
    non-negative compile-time constant size, N. [...]

  ◦ [bool](https://doc.rust-lang.org/nightly/std/primitive.bool.html) 
    The boolean type. [...]

  ◦ [char](https://doc.rust-lang.org/nightly/std/primitive.char.html) 
    A character type. [...]

  ◦ [f128](https://doc.rust-lang.org/nightly/std/primitive.f128.html) 
    A 128-bit floating-point type (specifically, the "binary128" type defined in
    IEEE 754-2008). [...]

  ◦ [f16](https://doc.rust-lang.org/nightly/std/primitive.f16.html) 
    A 16-bit floating-point type (specifically, the "binary16" type defined in IEEE
    754-2008). [...]

  ◦ [f32](https://doc.rust-lang.org/nightly/std/primitive.f32.html) 
    A 32-bit floating-point type (specifically, the "binary32" type defined in IEEE
    754-2008). [...]

  ◦ [f64](https://doc.rust-lang.org/nightly/std/primitive.f64.html) 
    A 64-bit floating-point type (specifically, the "binary64" type defined in IEEE
    754-2008). [...]

  ◦ [fn](https://doc.rust-lang.org/nightly/std/primitive.fn.html) 
    Function pointers, like fn(usize) -> bool. [...]

  ◦ [i128](https://doc.rust-lang.org/nightly/std/primitive.i128.html) 
    The 128-bit signed integer type. [...]

  ◦ [i16](https://doc.rust-lang.org/nightly/std/primitive.i16.html) 
    The 16-bit signed integer type.

  ◦ [i32](https://doc.rust-lang.org/nightly/std/primitive.i32.html) 
    The 32-bit signed integer type.

  ◦ [i64](https://doc.rust-lang.org/nightly/std/primitive.i64.html) 
    The 64-bit signed integer type.

  ◦ [i8](https://doc.rust-lang.org/nightly/std/primitive.i8.html) 
    The 8-bit signed integer type.

  ◦ [isize](https://doc.rust-lang.org/nightly/std/primitive.isize.html) 
    The pointer-sized signed integer type. [...]

  ◦ [never](https://doc.rust-lang.org/nightly/std/primitive.never.html) 
    The ! type, also called "never". [...]

  ◦ [pointer](https://doc.rust-lang.org/nightly/std/primitive.pointer.html) 
    Raw, unsafe pointers, *const T, and *mut T. [...]

  ◦ [reference](https://doc.rust-lang.org/nightly/std/primitive.reference.html) 
    References, &T and &mut T. [...]

  ◦ [slice](https://doc.rust-lang.org/nightly/std/primitive.slice.html) 
    A dynamically-sized view into a contiguous sequence, [T]. [...]

  ◦ [str](https://doc.rust-lang.org/nightly/std/primitive.str.html) 
    String slices. [...]

  ◦ [tuple](https://doc.rust-lang.org/nightly/std/primitive.tuple.html) 
    A finite heterogeneous sequence, (T, U, ..). [...]

  ◦ [u128](https://doc.rust-lang.org/nightly/std/primitive.u128.html) 
    The 128-bit unsigned integer type. [...]

  ◦ [u16](https://doc.rust-lang.org/nightly/std/primitive.u16.html) 
    The 16-bit unsigned integer type.

  ◦ [u32](https://doc.rust-lang.org/nightly/std/primitive.u32.html) 
    The 32-bit unsigned integer type.

  ◦ [u64](https://doc.rust-lang.org/nightly/std/primitive.u64.html) 
    The 64-bit unsigned integer type.

  ◦ [u8](https://doc.rust-lang.org/nightly/std/primitive.u8.html) 
    The 8-bit unsigned integer type.

  ◦ [unit](https://doc.rust-lang.org/nightly/std/primitive.unit.html) 
    The () type, also called "unit". [...]

  ◦ [usize](https://doc.rust-lang.org/nightly/std/primitive.usize.html) 
    The pointer-sized unsigned integer type. [...]
