---
source: ferritin/src/tests.rs
expression: "render_json_for_tests_rooted(Commands::search(\"generic struct\"), &\nget_fixture_crate_path ())"
---
{
  "query": "generic struct",
  "results": [
    {
      "path": "fixture-crate::GenericStruct",
      "kind": "struct",
      "url": "https://docs.rs/fixture-crate/0.1.0/fixture_crate/struct.GenericStruct.html",
      "score": 100.0,
      "docs": [
        {
          "type": "truncatedBlock",
          "nodes": [
            {
              "type": "paragraph",
              "spans": [
                {
                  "text": "A generic struct for testing multi-paragraph documentation.",
                  "style": "Plain"
                }
              ]
            }
          ],
          "level": "SingleLine",
          "truncated": true
        }
      ]
    },
    {
      "path": "alloc::borrow::Borrow",
      "kind": "trait",
      "url": "https://doc.rust-lang.org/nightly/core/borrow/trait.Borrow.html",
      "score": 67.3,
      "docs": [
        {
          "type": "truncatedBlock",
          "nodes": [
            {
              "type": "paragraph",
              "spans": [
                {
                  "text": "A trait for borrowing data.",
                  "style": "Plain"
                }
              ]
            }
          ],
          "level": "SingleLine",
          "truncated": true
        }
      ]
    },
    {
      "path": "fixture-crate::TestStruct",
      "kind": "struct",
      "url": "https://docs.rs/fixture-crate/0.1.0/fixture_crate/struct.TestStruct.html",
      "score": 66.4,
      "docs": [
        {
          "type": "truncatedBlock",
          "nodes": [
            {
              "type": "paragraph",
              "spans": [
                {
                  "text": "A simple struct for testing basic functionality.",
                  "style": "Plain"
                }
              ]
            }
          ],
          "level": "SingleLine",
          "truncated": true
        }
      ]
    },
    {
      "path": "fixture-crate::GenericEnum",
      "kind": "enum",
      "url": "https://docs.rs/fixture-crate/0.1.0/fixture_crate/enum.GenericEnum.html",
      "score": 65.2,
      "docs": [
        {
          "type": "truncatedBlock",
          "nodes": [
            {
              "type": "paragraph",
              "spans": [
                {
                  "text": "A generic enum for testing",
                  "style": "Plain"
                }
              ]
            }
          ],
          "level": "SingleLine",
          "truncated": true
        }
      ]
    },
    {
      "path": "std::prelude::rust_2021::ambiguous_macros_only::borrow::Borrow",
      "kind": "trait",
      "url": "https://doc.rust-lang.org/nightly/core/borrow/trait.Borrow.html",
      "score": 64.1,
      "docs": [
        {
          "type": "truncatedBlock",
          "nodes": [
            {
              "type": "paragraph",
              "spans": [
                {
                  "text": "A trait for borrowing data.",
                  "style": "Plain"
                }
              ]
            }
          ],
          "level": "SingleLine",
          "truncated": true
        }
      ]
    },
    {
      "path": "core::prelude::v1::ambiguous_macros_only::borrow::Borrow",
      "kind": "trait",
      "url": "https://doc.rust-lang.org/nightly/core/borrow/trait.Borrow.html",
      "score": 64.0,
      "docs": [
        {
          "type": "truncatedBlock",
          "nodes": [
            {
              "type": "paragraph",
              "spans": [
                {
                  "text": "A trait for borrowing data.",
                  "style": "Plain"
                }
              ]
            }
          ],
          "level": "SingleLine",
          "truncated": true
        }
      ]
    },
    {
      "path": "std::prelude::v1::Clone",
      "kind": "trait",
      "url": "https://doc.rust-lang.org/nightly/core/clone/trait.Clone.html",
      "score": 62.5,
      "docs": [
        {
          "type": "truncatedBlock",
          "nodes": [
            {
              "type": "paragraph",
              "spans": [
                {
                  "text": "A common trait that allows explicit creation of a duplicate value.",
                  "style": "Plain"
                }
              ]
            }
          ],
          "level": "SingleLine",
          "truncated": true
        }
      ]
    },
    {
      "path": "alloc::io::copy::generic",
      "kind": "module",
      "url": "https://doc.rust-lang.org/nightly/alloc/io/copy/generic/index.html",
      "score": 62.4
    },
    {
      "path": "core::prelude::v1::ambiguous_macros_only::mem::type_info::Generic",
      "kind": "enum",
      "url": "https://doc.rust-lang.org/nightly/core/mem/type_info/enum.Generic.html",
      "score": 62.4,
      "docs": [
        {
          "type": "truncatedBlock",
          "nodes": [
            {
              "type": "paragraph",
              "spans": [
                {
                  "text": "Compile-time type information about instantiated generics of structs, enum and union variants.",
                  "style": "Plain"
                }
              ]
            }
          ],
          "level": "SingleLine"
        }
      ]
    },
    {
      "path": "std::prelude::v1::ambiguous_macros_only::backtrace_rs::symbolize::gimli::mystd::mem::type_info::Generic",
      "kind": "enum",
      "url": "https://doc.rust-lang.org/nightly/core/mem/type_info/enum.Generic.html",
      "score": 62.4,
      "docs": [
        {
          "type": "truncatedBlock",
          "nodes": [
            {
              "type": "paragraph",
              "spans": [
                {
                  "text": "Compile-time type information about instantiated generics of structs, enum and union variants.",
                  "style": "Plain"
                }
              ]
            }
          ],
          "level": "SingleLine"
        }
      ]
    }
  ]
}
